// Vitest Snapshot v1, https://vitest.dev/guide/snapshot.html

exports[`ToolListviewEvaluation > renders without visual regressions 1`] = `
<div>
  <div
    class="flex flex-row flex-grow flex-wrap justify-center"
  >
    <div
      class="h-20 w-56 pr-8 flex"
    >
      <div
        aria-label="<p>✅ Provide / generate / point to test data</p><br/><p>✅ Provide instructions for users to run tests that include instructions for evaluation for correct behavior</p>"
        class="relative"
        title=""
      >
        <svg
          class="w-full h-full"
          fill="none"
          viewBox="0 0 24 24"
          xmlns="http://www.w3.org/2000/svg"
        >
          <path
            clip-rule="evenodd"
            d="M3.37752 5.08241C3 5.62028 3 7.21907 3 10.4167V11.9914C3 17.6294 7.23896 20.3655 9.89856 21.5273C10.62 21.8424 10.9807 22 12 22V2C11.1886 2 10.405 2.26824 8.83772 2.80472L8.26491 3.00079C5.25832 4.02996 3.75503 4.54454 3.37752 5.08241Z"
            fill="#CD7F32"
            fill-rule="evenodd"
            opacity="0.5"
          />
          <path
            d="M21 11.9914V10.4167C21 7.21907 21 5.62028 20.6225 5.08241C20.245 4.54454 18.7417 4.02996 15.7351 3.00079L15.1623 2.80472C13.595 2.26824 12.8114 2 12 2V22C13.0193 22 13.38 21.8424 14.1014 21.5273C16.761 20.3655 21 17.6294 21 11.9914Z"
            fill="#CD7F32"
            opacity="0.25"
          />
          <path
            d="M3.37752 5.08241C3 5.62028 3 7.21907 3 10.4167V11.9914C3 17.6294 7.23896 20.3655 9.89856 21.5273C10.62 21.8424 10.9807 22 12 22C13.0193 22 13.38 21.8424 14.1014 21.5273C16.761 20.3655 21 17.6294 21 11.9914V10.4167C21 7.21907 21 5.62028 20.6225 5.08241C20.245 4.54454 18.7417 4.02996 15.7351 3.00079L15.1623 2.80472C13.595 2.26824 12.8114 2 12 2C11.1886 2 10.405 2.26824 8.83772 2.80472L8.26491 3.00079C5.25832 4.02996 3.75503 4.54454 3.37752 5.08241Z"
            fill="none"
            stroke="black"
            stroke-width="1"
          />
        </svg>
         
        <p
          class="absolute m-0 text-center text-lg top-1/2 left-1/2 -translate-x-1/2 -translate-y-1/2 "
        >
          2/2
        </p>
      </div>
      <!--&lt;EvaluationShieldIcon&gt;-->
       
      <div
        aria-label="<p>❌ Some form of testing suite present</p><br/><p>❌ Test coverage > 50%</p>"
        class="relative"
        title=""
      >
        <svg
          class="w-full h-full"
          fill="none"
          viewBox="0 0 24 24"
          xmlns="http://www.w3.org/2000/svg"
        >
          <path
            clip-rule="evenodd"
            d="M3.37752 5.08241C3 5.62028 3 7.21907 3 10.4167V11.9914C3 17.6294 7.23896 20.3655 9.89856 21.5273C10.62 21.8424 10.9807 22 12 22V2C11.1886 2 10.405 2.26824 8.83772 2.80472L8.26491 3.00079C5.25832 4.02996 3.75503 4.54454 3.37752 5.08241Z"
            fill="#1C274C"
            fill-rule="evenodd"
            opacity="0.5"
          />
          <path
            d="M21 11.9914V10.4167C21 7.21907 21 5.62028 20.6225 5.08241C20.245 4.54454 18.7417 4.02996 15.7351 3.00079L15.1623 2.80472C13.595 2.26824 12.8114 2 12 2V22C13.0193 22 13.38 21.8424 14.1014 21.5273C16.761 20.3655 21 17.6294 21 11.9914Z"
            fill="#1C274C"
            opacity="0.25"
          />
          <path
            d="M3.37752 5.08241C3 5.62028 3 7.21907 3 10.4167V11.9914C3 17.6294 7.23896 20.3655 9.89856 21.5273C10.62 21.8424 10.9807 22 12 22C13.0193 22 13.38 21.8424 14.1014 21.5273C16.761 20.3655 21 17.6294 21 11.9914V10.4167C21 7.21907 21 5.62028 20.6225 5.08241C20.245 4.54454 18.7417 4.02996 15.7351 3.00079L15.1623 2.80472C13.595 2.26824 12.8114 2 12 2C11.1886 2 10.405 2.26824 8.83772 2.80472L8.26491 3.00079C5.25832 4.02996 3.75503 4.54454 3.37752 5.08241Z"
            fill="none"
            stroke="maroon"
            stroke-width="1"
          />
        </svg>
         
        <p
          class="absolute m-0 text-center text-lg top-1/2 left-1/2 -translate-x-1/2 -translate-y-1/2 text-red-800"
        >
          0/2
        </p>
      </div>
      <!--&lt;EvaluationShieldIcon&gt;-->
       
      <div
        aria-label="<p>✅ Test coverage > 90%</p><br/><p>✅ Benchmarking information is provided for examples</p>"
        class="relative"
        title=""
      >
        <svg
          class="w-full h-full"
          fill="none"
          viewBox="0 0 24 24"
          xmlns="http://www.w3.org/2000/svg"
        >
          <path
            clip-rule="evenodd"
            d="M3.37752 5.08241C3 5.62028 3 7.21907 3 10.4167V11.9914C3 17.6294 7.23896 20.3655 9.89856 21.5273C10.62 21.8424 10.9807 22 12 22V2C11.1886 2 10.405 2.26824 8.83772 2.80472L8.26491 3.00079C5.25832 4.02996 3.75503 4.54454 3.37752 5.08241Z"
            fill="#FFD700"
            fill-rule="evenodd"
            opacity="0.5"
          />
          <path
            d="M21 11.9914V10.4167C21 7.21907 21 5.62028 20.6225 5.08241C20.245 4.54454 18.7417 4.02996 15.7351 3.00079L15.1623 2.80472C13.595 2.26824 12.8114 2 12 2V22C13.0193 22 13.38 21.8424 14.1014 21.5273C16.761 20.3655 21 17.6294 21 11.9914Z"
            fill="#FFD700"
            opacity="0.25"
          />
          <path
            d="M3.37752 5.08241C3 5.62028 3 7.21907 3 10.4167V11.9914C3 17.6294 7.23896 20.3655 9.89856 21.5273C10.62 21.8424 10.9807 22 12 22C13.0193 22 13.38 21.8424 14.1014 21.5273C16.761 20.3655 21 17.6294 21 11.9914V10.4167C21 7.21907 21 5.62028 20.6225 5.08241C20.245 4.54454 18.7417 4.02996 15.7351 3.00079L15.1623 2.80472C13.595 2.26824 12.8114 2 12 2C11.1886 2 10.405 2.26824 8.83772 2.80472L8.26491 3.00079C5.25832 4.02996 3.75503 4.54454 3.37752 5.08241Z"
            fill="none"
            stroke="black"
            stroke-width="1"
          />
        </svg>
         
        <p
          class="absolute m-0 text-center text-lg top-1/2 left-1/2 -translate-x-1/2 -translate-y-1/2 "
        >
          2/2
        </p>
      </div>
      <!--&lt;EvaluationShieldIcon&gt;-->
    </div>
     
    <div
      class="h-20 w-56 pr-8 flex"
    >
      <div
        aria-label="<p>❌ Code is open source</p><br/><p>❌ Package is under version control</p><br/><p>❌ Readme is present</p><br/><p>❌ License is present</p><br/><p>❌ Issues tracking is enabled</p><br/><p>✅ Digital Object Identifier (DOI) points to latest version</p><br/><p>✅ All documented installation instructions can be successfully followed</p>"
        class="relative"
        title=""
      >
        <svg
          class="w-full h-full"
          fill="none"
          viewBox="0 0 24 24"
          xmlns="http://www.w3.org/2000/svg"
        >
          <path
            clip-rule="evenodd"
            d="M3.37752 5.08241C3 5.62028 3 7.21907 3 10.4167V11.9914C3 17.6294 7.23896 20.3655 9.89856 21.5273C10.62 21.8424 10.9807 22 12 22V2C11.1886 2 10.405 2.26824 8.83772 2.80472L8.26491 3.00079C5.25832 4.02996 3.75503 4.54454 3.37752 5.08241Z"
            fill="#CD7F32"
            fill-rule="evenodd"
            opacity="0.5"
          />
          <path
            d="M21 11.9914V10.4167C21 7.21907 21 5.62028 20.6225 5.08241C20.245 4.54454 18.7417 4.02996 15.7351 3.00079L15.1623 2.80472C13.595 2.26824 12.8114 2 12 2V22C13.0193 22 13.38 21.8424 14.1014 21.5273C16.761 20.3655 21 17.6294 21 11.9914Z"
            fill="#CD7F32"
            opacity="0.25"
          />
          <path
            d="M3.37752 5.08241C3 5.62028 3 7.21907 3 10.4167V11.9914C3 17.6294 7.23896 20.3655 9.89856 21.5273C10.62 21.8424 10.9807 22 12 22C13.0193 22 13.38 21.8424 14.1014 21.5273C16.761 20.3655 21 17.6294 21 11.9914V10.4167C21 7.21907 21 5.62028 20.6225 5.08241C20.245 4.54454 18.7417 4.02996 15.7351 3.00079L15.1623 2.80472C13.595 2.26824 12.8114 2 12 2C11.1886 2 10.405 2.26824 8.83772 2.80472L8.26491 3.00079C5.25832 4.02996 3.75503 4.54454 3.37752 5.08241Z"
            fill="none"
            stroke="maroon"
            stroke-width="1"
          />
        </svg>
         
        <p
          class="absolute m-0 text-center text-lg top-1/2 left-1/2 -translate-x-1/2 -translate-y-1/2 text-red-800"
        >
          2/7
        </p>
      </div>
      <!--&lt;EvaluationShieldIcon&gt;-->
       
      <div
        aria-label="<p>✅ Issue template(s) available</p><br/><p>✅ Continuous integration runs tests</p><br/><p>❌ No excessive files included</p>"
        class="relative"
        title=""
      >
        <svg
          class="w-full h-full"
          fill="none"
          viewBox="0 0 24 24"
          xmlns="http://www.w3.org/2000/svg"
        >
          <path
            clip-rule="evenodd"
            d="M3.37752 5.08241C3 5.62028 3 7.21907 3 10.4167V11.9914C3 17.6294 7.23896 20.3655 9.89856 21.5273C10.62 21.8424 10.9807 22 12 22V2C11.1886 2 10.405 2.26824 8.83772 2.80472L8.26491 3.00079C5.25832 4.02996 3.75503 4.54454 3.37752 5.08241Z"
            fill="#1C274C"
            fill-rule="evenodd"
            opacity="0.5"
          />
          <path
            d="M21 11.9914V10.4167C21 7.21907 21 5.62028 20.6225 5.08241C20.245 4.54454 18.7417 4.02996 15.7351 3.00079L15.1623 2.80472C13.595 2.26824 12.8114 2 12 2V22C13.0193 22 13.38 21.8424 14.1014 21.5273C16.761 20.3655 21 17.6294 21 11.9914Z"
            fill="#1C274C"
            opacity="0.25"
          />
          <path
            d="M3.37752 5.08241C3 5.62028 3 7.21907 3 10.4167V11.9914C3 17.6294 7.23896 20.3655 9.89856 21.5273C10.62 21.8424 10.9807 22 12 22C13.0193 22 13.38 21.8424 14.1014 21.5273C16.761 20.3655 21 17.6294 21 11.9914V10.4167C21 7.21907 21 5.62028 20.6225 5.08241C20.245 4.54454 18.7417 4.02996 15.7351 3.00079L15.1623 2.80472C13.595 2.26824 12.8114 2 12 2C11.1886 2 10.405 2.26824 8.83772 2.80472L8.26491 3.00079C5.25832 4.02996 3.75503 4.54454 3.37752 5.08241Z"
            fill="none"
            stroke="maroon"
            stroke-width="1"
          />
        </svg>
         
        <p
          class="absolute m-0 text-center text-lg top-1/2 left-1/2 -translate-x-1/2 -translate-y-1/2 text-red-800"
        >
          2/3
        </p>
      </div>
      <!--&lt;EvaluationShieldIcon&gt;-->
       
      <div
        aria-label="<p>❌ Continuous integration builds packages</p><br/><p>✅ Continuous integration validates style</p><br/><p>❌ Journal of Open Source Software submission</p><br/><p>❌ Contribution guide present</p><br/><p>✅ Code of Conduct present</p>"
        class="relative"
        title=""
      >
        <svg
          class="w-full h-full"
          fill="none"
          viewBox="0 0 24 24"
          xmlns="http://www.w3.org/2000/svg"
        >
          <path
            clip-rule="evenodd"
            d="M3.37752 5.08241C3 5.62028 3 7.21907 3 10.4167V11.9914C3 17.6294 7.23896 20.3655 9.89856 21.5273C10.62 21.8424 10.9807 22 12 22V2C11.1886 2 10.405 2.26824 8.83772 2.80472L8.26491 3.00079C5.25832 4.02996 3.75503 4.54454 3.37752 5.08241Z"
            fill="#FFD700"
            fill-rule="evenodd"
            opacity="0.5"
          />
          <path
            d="M21 11.9914V10.4167C21 7.21907 21 5.62028 20.6225 5.08241C20.245 4.54454 18.7417 4.02996 15.7351 3.00079L15.1623 2.80472C13.595 2.26824 12.8114 2 12 2V22C13.0193 22 13.38 21.8424 14.1014 21.5273C16.761 20.3655 21 17.6294 21 11.9914Z"
            fill="#FFD700"
            opacity="0.25"
          />
          <path
            d="M3.37752 5.08241C3 5.62028 3 7.21907 3 10.4167V11.9914C3 17.6294 7.23896 20.3655 9.89856 21.5273C10.62 21.8424 10.9807 22 12 22C13.0193 22 13.38 21.8424 14.1014 21.5273C16.761 20.3655 21 17.6294 21 11.9914V10.4167C21 7.21907 21 5.62028 20.6225 5.08241C20.245 4.54454 18.7417 4.02996 15.7351 3.00079L15.1623 2.80472C13.595 2.26824 12.8114 2 12 2C11.1886 2 10.405 2.26824 8.83772 2.80472L8.26491 3.00079C5.25832 4.02996 3.75503 4.54454 3.37752 5.08241Z"
            fill="none"
            stroke="maroon"
            stroke-width="1"
          />
        </svg>
         
        <p
          class="absolute m-0 text-center text-lg top-1/2 left-1/2 -translate-x-1/2 -translate-y-1/2 text-red-800"
        >
          2/5
        </p>
      </div>
      <!--&lt;EvaluationShieldIcon&gt;-->
    </div>
     
    <div
      class="h-20 w-56 pr-8 flex"
    >
      <div
        aria-label="<p>✅ Landing page (e.g., GitHub README, website) provides a link to documentation and brief description of what program does</p><br/><p>❌ Documentation is up to date with version of software</p><br/><p>❌ Typical intended usage is described</p><br/><p>✅ An example of its usage is shown</p><br/><p>❌ Document functions intended to be used by users</p><br/><p>✅ Description of required input parameters for user-facing functions with reasonable description of inputs</p><br/><p>❌ Description of output(s)</p><br/><p>✅ User installation instructions available</p><br/><p>✅ Dependencies listed</p>"
        class="relative"
        title=""
      >
        <svg
          class="w-full h-full"
          fill="none"
          viewBox="0 0 24 24"
          xmlns="http://www.w3.org/2000/svg"
        >
          <path
            clip-rule="evenodd"
            d="M3.37752 5.08241C3 5.62028 3 7.21907 3 10.4167V11.9914C3 17.6294 7.23896 20.3655 9.89856 21.5273C10.62 21.8424 10.9807 22 12 22V2C11.1886 2 10.405 2.26824 8.83772 2.80472L8.26491 3.00079C5.25832 4.02996 3.75503 4.54454 3.37752 5.08241Z"
            fill="#CD7F32"
            fill-rule="evenodd"
            opacity="0.5"
          />
          <path
            d="M21 11.9914V10.4167C21 7.21907 21 5.62028 20.6225 5.08241C20.245 4.54454 18.7417 4.02996 15.7351 3.00079L15.1623 2.80472C13.595 2.26824 12.8114 2 12 2V22C13.0193 22 13.38 21.8424 14.1014 21.5273C16.761 20.3655 21 17.6294 21 11.9914Z"
            fill="#CD7F32"
            opacity="0.25"
          />
          <path
            d="M3.37752 5.08241C3 5.62028 3 7.21907 3 10.4167V11.9914C3 17.6294 7.23896 20.3655 9.89856 21.5273C10.62 21.8424 10.9807 22 12 22C13.0193 22 13.38 21.8424 14.1014 21.5273C16.761 20.3655 21 17.6294 21 11.9914V10.4167C21 7.21907 21 5.62028 20.6225 5.08241C20.245 4.54454 18.7417 4.02996 15.7351 3.00079L15.1623 2.80472C13.595 2.26824 12.8114 2 12 2C11.1886 2 10.405 2.26824 8.83772 2.80472L8.26491 3.00079C5.25832 4.02996 3.75503 4.54454 3.37752 5.08241Z"
            fill="none"
            stroke="maroon"
            stroke-width="1"
          />
        </svg>
         
        <p
          class="absolute m-0 text-center text-lg top-1/2 left-1/2 -translate-x-1/2 -translate-y-1/2 text-red-800"
        >
          5/9
        </p>
      </div>
      <!--&lt;EvaluationShieldIcon&gt;-->
       
      <div
        aria-label="<p>❌ Background/significance of program</p><br/><p>✅ One or more tutorial to showcase the multiple of the program's usages</p><br/><p>❌ Any alternative usage that is advertised is thoroughly documented</p><br/><p>✅ Thorough description of required and optional input parameters</p><br/><p>✅ Document public functions</p><br/><p>✅ A statement of supported operating systems / environments</p>"
        class="relative"
        title=""
      >
        <svg
          class="w-full h-full"
          fill="none"
          viewBox="0 0 24 24"
          xmlns="http://www.w3.org/2000/svg"
        >
          <path
            clip-rule="evenodd"
            d="M3.37752 5.08241C3 5.62028 3 7.21907 3 10.4167V11.9914C3 17.6294 7.23896 20.3655 9.89856 21.5273C10.62 21.8424 10.9807 22 12 22V2C11.1886 2 10.405 2.26824 8.83772 2.80472L8.26491 3.00079C5.25832 4.02996 3.75503 4.54454 3.37752 5.08241Z"
            fill="#1C274C"
            fill-rule="evenodd"
            opacity="0.5"
          />
          <path
            d="M21 11.9914V10.4167C21 7.21907 21 5.62028 20.6225 5.08241C20.245 4.54454 18.7417 4.02996 15.7351 3.00079L15.1623 2.80472C13.595 2.26824 12.8114 2 12 2V22C13.0193 22 13.38 21.8424 14.1014 21.5273C16.761 20.3655 21 17.6294 21 11.9914Z"
            fill="#1C274C"
            opacity="0.25"
          />
          <path
            d="M3.37752 5.08241C3 5.62028 3 7.21907 3 10.4167V11.9914C3 17.6294 7.23896 20.3655 9.89856 21.5273C10.62 21.8424 10.9807 22 12 22C13.0193 22 13.38 21.8424 14.1014 21.5273C16.761 20.3655 21 17.6294 21 11.9914V10.4167C21 7.21907 21 5.62028 20.6225 5.08241C20.245 4.54454 18.7417 4.02996 15.7351 3.00079L15.1623 2.80472C13.595 2.26824 12.8114 2 12 2C11.1886 2 10.405 2.26824 8.83772 2.80472L8.26491 3.00079C5.25832 4.02996 3.75503 4.54454 3.37752 5.08241Z"
            fill="none"
            stroke="maroon"
            stroke-width="1"
          />
        </svg>
         
        <p
          class="absolute m-0 text-center text-lg top-1/2 left-1/2 -translate-x-1/2 -translate-y-1/2 text-red-800"
        >
          4/6
        </p>
      </div>
      <!--&lt;EvaluationShieldIcon&gt;-->
       
      <div
        aria-label="<p>✅ Continuous integration badges in README for build status</p><br/><p>❌ Continuous integration badges in README for tests passing</p><br/><p>❌ Continuous integration badges in README for coverage</p><br/><p>❌ Document functions, classes, modules, etc.</p><br/><p>❌ Has a documented style guide</p><br/><p>❌ Maintenance status is documented</p>"
        class="relative"
        title=""
      >
        <svg
          class="w-full h-full"
          fill="none"
          viewBox="0 0 24 24"
          xmlns="http://www.w3.org/2000/svg"
        >
          <path
            clip-rule="evenodd"
            d="M3.37752 5.08241C3 5.62028 3 7.21907 3 10.4167V11.9914C3 17.6294 7.23896 20.3655 9.89856 21.5273C10.62 21.8424 10.9807 22 12 22V2C11.1886 2 10.405 2.26824 8.83772 2.80472L8.26491 3.00079C5.25832 4.02996 3.75503 4.54454 3.37752 5.08241Z"
            fill="#FFD700"
            fill-rule="evenodd"
            opacity="0.5"
          />
          <path
            d="M21 11.9914V10.4167C21 7.21907 21 5.62028 20.6225 5.08241C20.245 4.54454 18.7417 4.02996 15.7351 3.00079L15.1623 2.80472C13.595 2.26824 12.8114 2 12 2V22C13.0193 22 13.38 21.8424 14.1014 21.5273C16.761 20.3655 21 17.6294 21 11.9914Z"
            fill="#FFD700"
            opacity="0.25"
          />
          <path
            d="M3.37752 5.08241C3 5.62028 3 7.21907 3 10.4167V11.9914C3 17.6294 7.23896 20.3655 9.89856 21.5273C10.62 21.8424 10.9807 22 12 22C13.0193 22 13.38 21.8424 14.1014 21.5273C16.761 20.3655 21 17.6294 21 11.9914V10.4167C21 7.21907 21 5.62028 20.6225 5.08241C20.245 4.54454 18.7417 4.02996 15.7351 3.00079L15.1623 2.80472C13.595 2.26824 12.8114 2 12 2C11.1886 2 10.405 2.26824 8.83772 2.80472L8.26491 3.00079C5.25832 4.02996 3.75503 4.54454 3.37752 5.08241Z"
            fill="none"
            stroke="maroon"
            stroke-width="1"
          />
        </svg>
         
        <p
          class="absolute m-0 text-center text-lg top-1/2 left-1/2 -translate-x-1/2 -translate-y-1/2 text-red-800"
        >
          1/6
        </p>
      </div>
      <!--&lt;EvaluationShieldIcon&gt;-->
    </div>
  </div>
  <!--&lt;ToolListviewEvaluation&gt;-->
</div>
`;
